// Jest Snapshot v1, https://goo.gl/fbAQLP

exports[`COMPONENTS - <BaseSettings> render BaseSettings 1`] = `
<div>
  <h4>
    Color settings:
  </h4>
  <div>
    <Label>
      Base color:
      <InputColor
        color="#3F84A8"
        onChange={[Function]}
      />
    </Label>
    <Small>
      <strong>
        NOTE!
      </strong>
       colour change need app reload
    </Small>
  </div>
</div>
`;
