// Jest Snapshot v1, https://goo.gl/fbAQLP

exports[`COMPONENTS - <Button> render Button 1`] = `
<Styled(button)
  className="btn"
  height="30px"
  invert={true}
  title="link"
  width="200px"
>
  <Styled(span)
    color="#3F84A8"
    type="menu"
  />
   
  link
</Styled(button)>
`;
