// Jest Snapshot v1, https://goo.gl/fbAQLP

exports[`COMPONENTS - <Icon> render Icon 1`] = `
<Icon
  color="#ff0000"
  type="menu"
>
  <span
    className="Icon-cFRQJw cVqhvS"
    color="#ff0000"
    type="menu"
  >
    link
  </span>
</Icon>
`;
