// Jest Snapshot v1, https://goo.gl/fbAQLP

exports[`COMPONENTS - <Input> render Input 1`] = `
<Styled(input)
  className="classified"
  defaultValue="typetypetype"
  disabled={false}
  placeholder="I am temporary"
  title=""
  type="search"
/>
`;
