// Jest Snapshot v1, https://goo.gl/fbAQLP

exports[`COMPONENTS - <Loading> render Loading 1`] = `
<Fragment>
  <ForwardRef
    color="#3F84A8"
  />
   
</Fragment>
`;
