// Jest Snapshot v1, https://goo.gl/fbAQLP

exports[`COMPONENTS - <UtilityIcon> render UtilityIcon 1`] = `
<Util
  className="UtilityIcon"
  onClick={[Function]}
  title="UtilityIcon"
>
  <Icon
    color="red"
    size={20}
    type="menu"
  />
</Util>
`;
