// Jest Snapshot v1, https://goo.gl/fbAQLP

exports[`COMPONENTS - <Layout> render Layout when logged in 1`] = `
<withRouter(App)>
  <Connect(withRouter(LogIn)) />
</withRouter(App)>
`;

exports[`COMPONENTS - <Layout> render Layout when not logged in 1`] = `
<withRouter(App)>
  <Connect(withRouter(LogIn)) />
</withRouter(App)>
`;
