// Jest Snapshot v1, https://goo.gl/fbAQLP

exports[`COMPONENTS - <Settings> render Settings 1`] = `
<Wrapper>
  <h2>
    Settings
  </h2>
  <details>
    <summary>
      General
    </summary>
    <ConnectFunction />
  </details>
  <details>
    <summary>
      Snippets
    </summary>
    <ConnectFunction />
  </details>
  <details>
    <summary>
      Editor
    </summary>
    <ConnectFunction />
  </details>
</Wrapper>
`;
