// Jest Snapshot v1, https://goo.gl/fbAQLP

exports[`COMPONENTS - <Snippet> render Snippet 1`] = `""`;
