// Jest Snapshot v1, https://goo.gl/fbAQLP

exports[`COMPONENTS - <SnippetHeader> render SnippetHeader in edit mode 1`] = `
<SnippetHeaderWrapper>
  <FileName>
    <FilenameIcon
      color="#3F84A8"
      size={22}
      type="file"
    />
     
    <Input
      onChange={[Function]}
    />
     
  </FileName>
  <WithTheme(UtilityIcon)
    color="tomato"
    onClick={[Function]}
    size={22}
    type="delete"
  />
</SnippetHeaderWrapper>
`;

exports[`COMPONENTS - <SnippetHeader> render SnippetHeader in view mode 1`] = `
<SnippetHeaderWrapper>
  <FileName>
    <FilenameIcon
      color="#3F84A8"
      size={22}
      type="file"
    />
     
    somefile.js
     
  </FileName>
  <div>
    <Language>
      Plain text
    </Language>
    <WithTheme(UtilityIcon)
      color="#3F84A8"
      dropdown={true}
      size={22}
      type="ellipsis"
    >
      <ul>
        <li>
          <ExternalLink
            href="https://gist.github.com/user/123123123123#file-somefile.js"
          >
            Open on web
          </ExternalLink>
        </li>
        <li>
          <Anchor
            onClick={[Function]}
          >
            Copy file content to clipboard
          </Anchor>
        </li>
        <li>
          <Anchor
            download="somefile.js"
          >
            Download
          </Anchor>
        </li>
      </ul>
    </WithTheme(UtilityIcon)>
    <WithTheme(UtilityIcon)
      color="#3F84A8"
      onClick={[Function]}
      size={22}
      type="arrow-down"
    />
  </div>
</SnippetHeaderWrapper>
`;
