// Jest Snapshot v1, https://goo.gl/fbAQLP

exports[`COMPONENTS - <SuperSearch> render SuperSearch 1`] = `
<SuperSearch
  filterLanguage=""
  filterSnippets={[MockFunction]}
  filterTags={Array []}
  filterText="test"
  snippets={Object {}}
  theme={
    Object {
      "theme": Object {
        "baseAppColor": "#3F84A8",
        "bg": "#ebf2f6",
        "borderColor": "#ccc",
        "boxShadow": "#555",
        "colorDanger": "tomato",
        "colorSuccess": "cadetblue",
        "colorWarning": "#e0b01e",
        "disabledColor": "#ccc",
        "headerBgLightest": "#cfe0e9",
        "headerColor": "#fff",
        "lightBorderColor": "#f2f2f2",
        "lightText": "#fff",
        "textColor": "#555",
      },
      "tintBackground": [Function],
      "tintHeaderBgLightest": [Function],
    }
  }
  toggleSuperSesrch={[MockFunction]}
>
  <SuperSearchWrapper>
    <StyledComponent
      forwardedComponent={
        Object {
          "$$typeof": Symbol(react.forward_ref),
          "attrs": Array [],
          "componentStyle": ComponentStyle {
            "componentId": "SuperSearchWrapper-sc-1mnove5-0",
            "isStatic": true,
            "lastClassName": "bAwZkz",
            "rules": Array [
              "position:absolute;display:flex;top:0;left:0;height:100vh;width:100vw;flex-direction:column;z-index:99;background:rgba(0,0,0,0.8);align-items:center;justify-content:center;",
            ],
          },
          "displayName": "SuperSearchWrapper",
          "foldedComponentIds": Array [],
          "render": [Function],
          "styledComponentId": "SuperSearchWrapper-sc-1mnove5-0",
          "target": "div",
          "toString": [Function],
          "warnTooManyClasses": [Function],
          "withComponent": [Function],
        }
      }
      forwardedRef={null}
    >
      <div
        className="SuperSearchWrapper-sc-1mnove5-0 bAwZkz"
      >
        <SearchWrapper>
          <StyledComponent
            forwardedComponent={
              Object {
                "$$typeof": Symbol(react.forward_ref),
                "attrs": Array [],
                "componentStyle": ComponentStyle {
                  "componentId": "SearchWrapper-sc-1mnove5-1",
                  "isStatic": true,
                  "lastClassName": "ijKtSQ",
                  "rules": Array [
                    "width:700px;position:absolute;top:120px;",
                  ],
                },
                "displayName": "SearchWrapper",
                "foldedComponentIds": Array [],
                "render": [Function],
                "styledComponentId": "SearchWrapper-sc-1mnove5-1",
                "target": "div",
                "toString": [Function],
                "warnTooManyClasses": [Function],
                "withComponent": [Function],
              }
            }
            forwardedRef={null}
          >
            <div
              className="SearchWrapper-sc-1mnove5-1 ijKtSQ"
            >
              <SearchBar>
                <StyledComponent
                  forwardedComponent={
                    Object {
                      "$$typeof": Symbol(react.forward_ref),
                      "attrs": Array [],
                      "componentStyle": ComponentStyle {
                        "componentId": "SearchBar-sc-1mnove5-2",
                        "isStatic": true,
                        "lastClassName": "dllRVk",
                        "rules": Array [
                          "display:flex;align-items:center;margin:0 -18px 0 -30px;",
                        ],
                      },
                      "displayName": "SearchBar",
                      "foldedComponentIds": Array [],
                      "render": [Function],
                      "styledComponentId": "SearchBar-sc-1mnove5-2",
                      "target": "div",
                      "toString": [Function],
                      "warnTooManyClasses": [Function],
                      "withComponent": [Function],
                    }
                  }
                  forwardedRef={null}
                >
                  <div
                    className="SearchBar-sc-1mnove5-2 dllRVk"
                  >
                    <StyledLookingGlass
                      size={32}
                      type="search"
                    >
                      <StyledComponent
                        forwardedComponent={
                          Object {
                            "$$typeof": Symbol(react.forward_ref),
                            "attrs": Array [],
                            "componentStyle": ComponentStyle {
                              "componentId": "StyledLookingGlass-sc-1mnove5-3",
                              "isStatic": false,
                              "lastClassName": "HmNJQ",
                              "rules": Array [
                                "background-color:",
                                [Function],
                                ";display:inline-block;vertical-align:middle;width:",
                                [Function],
                                "px;height:",
                                [Function],
                                "px;mask-image:url('src/icons/",
                                "ionic",
                                "/",
                                [Function],
                                "');mask-repeat:no-repeat;mask-size:contain;mask-position:center;",
                                [Function],
                                " ",
                                [Function],
                                " ",
                                [Function],
                                "left:55px;position:relative;",
                              ],
                            },
                            "displayName": "StyledLookingGlass",
                            "foldedComponentIds": Array [
                              "Icon-vk4qna-0",
                            ],
                            "render": [Function],
                            "styledComponentId": "StyledLookingGlass-sc-1mnove5-3",
                            "target": "span",
                            "toString": [Function],
                            "warnTooManyClasses": [Function],
                            "withComponent": [Function],
                          }
                        }
                        forwardedRef={null}
                        size={32}
                        type="search"
                      >
                        <span
                          className="Icon-vk4qna-0 StyledLookingGlass-sc-1mnove5-3 HmNJQ"
                          size={32}
                          type="search"
                        />
                      </StyledComponent>
                    </StyledLookingGlass>
                    <StyledInput
                      autoFocus={true}
                      className="mousetrap"
                      onChange={[Function]}
                      placeholder="Search"
                      type="search"
                    >
                      <StyledComponent
                        autoFocus={true}
                        className="mousetrap"
                        forwardedComponent={
                          Object {
                            "$$typeof": Symbol(react.forward_ref),
                            "attrs": Array [],
                            "componentStyle": ComponentStyle {
                              "componentId": "StyledInput-sc-1mnove5-8",
                              "isStatic": true,
                              "lastClassName": "bxYJks",
                              "rules": Array [
                                "padding:30px 20px;box-shadow:0 0 150px #fff;border-radius:3px;text-indent:50px;width:100%;",
                              ],
                            },
                            "displayName": "StyledInput",
                            "foldedComponentIds": Array [],
                            "render": [Function],
                            "styledComponentId": "StyledInput-sc-1mnove5-8",
                            "target": [Function],
                            "toString": [Function],
                            "warnTooManyClasses": [Function],
                            "withComponent": [Function],
                            Symbol(Symbol.hasInstance): [Function],
                          }
                        }
                        forwardedRef={null}
                        onChange={[Function]}
                        placeholder="Search"
                        type="search"
                      >
                        <Input
                          autoFocus={true}
                          className="mousetrap StyledInput-sc-1mnove5-8 bxYJks"
                          onChange={[Function]}
                          placeholder="Search"
                          type="search"
                        >
                          <StyledInput
                            autoFocus={true}
                            className="mousetrap StyledInput-sc-1mnove5-8 bxYJks"
                            disabled={false}
                            onChange={[Function]}
                            placeholder="Search"
                            title=""
                            type="search"
                          >
                            <StyledComponent
                              autoFocus={true}
                              className="mousetrap StyledInput-sc-1mnove5-8 bxYJks"
                              disabled={false}
                              forwardedComponent={
                                Object {
                                  "$$typeof": Symbol(react.forward_ref),
                                  "attrs": Array [],
                                  "componentStyle": ComponentStyle {
                                    "componentId": "StyledInput-sc-86zjwb-0",
                                    "isStatic": false,
                                    "lastClassName": "bQeLId",
                                    "rules": Array [
                                      "border:none;border-radius:0;height:30px;color:",
                                      [Function],
                                      ";border-bottom:1px solid ",
                                      [Function],
                                      ";background:",
                                      [Function],
                                      ";&:focus{outline:none;}::placeholder{color:",
                                      [Function],
                                      ";opacity:1;}",
                                    ],
                                  },
                                  "displayName": "StyledInput",
                                  "foldedComponentIds": Array [],
                                  "render": [Function],
                                  "styledComponentId": "StyledInput-sc-86zjwb-0",
                                  "target": "input",
                                  "toString": [Function],
                                  "warnTooManyClasses": [Function],
                                  "withComponent": [Function],
                                }
                              }
                              forwardedRef={null}
                              onChange={[Function]}
                              placeholder="Search"
                              title=""
                              type="search"
                            >
                              <input
                                autoFocus={true}
                                className="mousetrap StyledInput-sc-1mnove5-8 bxYJks StyledInput-sc-86zjwb-0 bQeLId"
                                disabled={false}
                                onChange={[Function]}
                                placeholder="Search"
                                title=""
                                type="search"
                              />
                            </StyledComponent>
                          </StyledInput>
                        </Input>
                      </StyledComponent>
                    </StyledInput>
                  </div>
                </StyledComponent>
              </SearchBar>
              <SnippetResults>
                <StyledComponent
                  forwardedComponent={
                    Object {
                      "$$typeof": Symbol(react.forward_ref),
                      "attrs": Array [],
                      "componentStyle": ComponentStyle {
                        "componentId": "SnippetResults-sc-1mnove5-4",
                        "isStatic": true,
                        "lastClassName": "eUdsVx",
                        "rules": Array [
                          "background:transparent;align-items:center;flex-direction:column;width:638px;padding:0 30px;margin:0 0 0 10px;height:60vh;overflow:auto;display:block;",
                        ],
                      },
                      "displayName": "SnippetResults",
                      "foldedComponentIds": Array [],
                      "render": [Function],
                      "styledComponentId": "SnippetResults-sc-1mnove5-4",
                      "target": "div",
                      "toString": [Function],
                      "warnTooManyClasses": [Function],
                      "withComponent": [Function],
                    }
                  }
                  forwardedRef={null}
                >
                  <div
                    className="SnippetResults-sc-1mnove5-4 eUdsVx"
                  />
                </StyledComponent>
              </SnippetResults>
            </div>
          </StyledComponent>
        </SearchWrapper>
      </div>
    </StyledComponent>
  </SuperSearchWrapper>
</SuperSearch>
`;
